Started
checkPrefixes:
1.000000, 1.000000, 1.000000, 1.000000
0.000000, 1.000000, 2.000000, 0.500000
3.000000, 0.333333, 0.250000, 0.166667
1.000000, -1.000000, 2.000000, -2.000000