04673839
00000000
00000000: FFFFFED8
00000000: FFFFFC78
80020190: FFFFFFFF
80020190: FFFFFFFF
00000000: FFFFFC80
