testSimpleFpl:
[0]:00000000: 00000000
[1]:00000000: 00000200
[2]:800201A7: FFFFFFFF
FREE:00000000
[4]:00000000: 00000200
FREE_INVALID:800201B6