Sema(Id=73342271,Size=56,Name='sema1',Attr=0,init=0,cur=0,max=2,wait=0)
[1]:1:FFFFFF67
[1]:0:0000
[1]:0:0000
---
Sema(Id=73342271,Size=56,Name='sema1',Attr=0,init=0,cur=0,max=2,wait=3)
---
[2]:1:FFFFFF67
---
Sema(Id=73342271,Size=56,Name='sema1',Attr=0,init=0,cur=0,max=2,wait=2)
---
[2]:0:0000
---
Sema(Id=73342271,Size=56,Name='sema1',Attr=0,init=0,cur=0,max=2,wait=1)
---
[2]:0:0000
00000000
80020199
