beforeEnableVblankCallback
afterEnableVblankCallback
vblankCallback(7):0
ended