Nickname         : P627
AdHoc Channel    : 0
WLAN Powersave   : enabled   
Date Format      : DDMMYYYY
Time Format      : 24HR
Timezone         : 60
Daylight Savings : standard
Language         : English
Unknown:         : 1 (1 on NA PSPs and 0 on JAP PSPs, v1.5+ only)
