1
ms0:/PSP/GAME/TEST/EBOOT.PBP
ms0:/PSP/GAME/TEST
ms0:/PSP/GAME/TEST
(chdir error)
ms0:/PSP/GAME
ms0:/PSP/SAVEDATA
ms0:
ms0:
ms0:/PSP
ms0:/PSP/GAME
ms0:
ms0:/PSP/GAME
(chdir error)
ms0:/PSP
1
1
io.expected
GAME
