lwr_0 0xC3D2E1F0
lwr_1 0x12C3D2E1
lwr_2 0x1234C3D2
lwr_3 0x123456C3

lwl_0 0xF0345678
lwl_1 0xE1F05678
lwl_2 0xD2E1F078
lwl_3 0xC3D2E1F0

swr_0 0x12345678
swr_1 0x345678F0
swr_2 0x5678E1F0
swr_3 0x78D2E1F0

swl_0 0xC3D2E112
swl_1 0xC3D21234
swl_2 0xC3123456
swl_3 0x12345678