beforeEnableVblankCallback
afterEnableVblankCallback
vblankCallback(3):0
ended
