testNoThreadSwitchingWhenSuspendedInterrupts:
Main Thread with disabled interrupts
Sleeping Thread
Main Thread with enabled interrupts
testSimpleScheduling:
FFFFFF00
FFFFFF01
FFFFFF00
FFFFFF02
FFFFFF01
FFFFFF00
FFFFFF02
FFFFFF01
FFFFFF00
FFFFFF03
FFFFFF02
FFFFFF01
FFFFFF03
FFFFFF02
FFFFFF03
FFFFFF03
testSimpleVblankScheduling:
FFFFFF00
FFFFFF00
FFFFFF01
FFFFFF02
FFFFFF03
FFFFFF00
FFFFFF01
FFFFFF02
FFFFFF03
FFFFFF00
FFFFFF01
FFFFFF02
FFFFFF03
FFFFFF01
FFFFFF02
FFFFFF03
