Started
moveNormalRegister: 5.000000, 5.000000, 5.000000, 5.000000
checkVfim: 0.011108, -0.011108, inf, nan
checkConstants:
checkConstants(Comparison): Ok
inf,1.414214,0.707107,1.128379
0.636620,0.318310,0.785398,1.570796
3.141593,2.718282,1.442695,0.434294
0.693147,2.302585,6.283185,0.523599
0.301030,3.321928,0.866025,0.000000

checkVectorCopy: 17.000000, 13.000000, -5.000000, 11.000000
checkDot: 244.000000
checkScale: 51.000000, 39.000000, -15.000000, 33.000000
checkRotation: 0.453991, 0.891007
checkMatrixIdentity:
0
0
0
checkPrefixes:
1.000000, 1.000000, 1.000000, 1.000000
0.000000, 1.000000, 2.000000, 0.500000
3.000000, 0.333333, 0.250000, 0.166667
1.000000, -1.000000, 2.000000, -2.000000
checkMultiply:
-6.000000, 0.000000, 0.000000, 0.000000
0.000000, -6.000000, 0.000000, 0.000000
0.000000, 0.000000, -6.000000, 0.000000
0.000000, 0.000000, 0.000000, -6.000000
checkVzero:
0.000000, 0.000000, 0.000000, 0.000000
checkVone:
1.000000, 1.000000, 1.000000, 1.000000
checkGlRotate:
-1.000000, 0.000767, 0.000000, 0.000000
-0.000767, -1.000000, 0.000000, 0.000000
0.000000, 0.000000, 1.000000, 0.000000
0.000000, 0.000000, 0.000000, 1.000000
Ended