'1':0:16:4873
'1.txt':5:39:8969
'2.txt':6:39:8969
'subfolder':0:16:4873
'test.txt':15:39:8969