Nickname         : shadow
AdHoc Channel    : 0
WLAN Powersave   : off   
Date Format      : DDMMYYYY
Time Format      : 24HR
Timezone         : 60
Daylight Savings : standard
Language         : English
Button Assignment: 1 
