'.':0:16:4607
'..':0:16:4607
'1.TXT':5:32:8703
'2.TXT':6:32:8703
'TEST.TXT':15:32:8703
'1':0:16:4607
'subfolder':0:16:4607
