testSimpleFpl:
00000000: 08804000
00000000: 08804200
80020190: 08804200