CREATE:00000000
SEND[0]:00000000, 0000000C, 1, 2, 0
SEND[1]:00000000, 0000000C, 1, 2, 1
SEND[2]:800201B3, 0000000C, 1, 2, 2
RECV[0]:00000000, 0000000C, 1, 2, 0
RECV[1]:00000000, 0000000C, 1, 2, 1
RECV[2]:800201B4, 0000000C, 0, 0, 0
DELETE:00000000
DELETE2:8002019E