testThreadStackFillsWith_0xFF_AndIsAlignedTo_0x10:
StackSize   : 00000200
FFLen       : 00000200
Aligned_0x10: yes